// Jest Snapshot v1, https://goo.gl/fbAQLP

exports[`Examples from the course videos Course expect to render CounterButton Component 1`] = `ShallowWrapper {}`;

exports[`My own coverage tests from Exercise #2 expect to render CounterButton Component 1`] = `ShallowWrapper {}`;
