// Jest Snapshot v1, https://goo.gl/fbAQLP

exports[`tests for error boundary Render ErrorBoundary Component 1`] = `ShallowWrapper {}`;
