// Jest Snapshot v1, https://goo.gl/fbAQLP

exports[`expect to render Header Component 1`] = `ShallowWrapper {}`;
