// Jest Snapshot v1, https://goo.gl/fbAQLP

exports[`expects mainpage to render 1`] = `ShallowWrapper {}`;

exports[`isPending works properly 1`] = `ShallowWrapper {}`;
