// Jest Snapshot v1, https://goo.gl/fbAQLP

exports[`scroll testing expect to render Scroll Component 1`] = `ShallowWrapper {}`;
