// Jest Snapshot v1, https://goo.gl/fbAQLP

exports[`expect to render SearchBox Component 1`] = `ShallowWrapper {}`;
